// Jest Snapshot v1, https://goo.gl/fbAQLP

exports[`renders correctly 1`] = `
{
  "asFragment": [Function],
  "baseElement": <body>
    <div>
      <div
        class="centerblockContent playlist-content"
      >
        <div
          class="contentTitle playlist-title"
        >
          <div
            class="playlistTitleCol col01"
          >
            Трек
          </div>
          <div
            class="playlistTitleCol col02"
          >
            Исполнитель
          </div>
          <div
            class="playlistTitleCol col03"
          >
            Альбом
          </div>
          <div
            class="playlistTitleCol col04"
          >
            <svg
              class="playlistTitleSvg"
            >
              <use
                xlink:href="/img/icon/sprite.svg#icon-watch"
              />
            </svg>
          </div>
        </div>
        <div
          class="contentPlaylist playlist"
        />
      </div>
    </div>
  </body>,
  "container": <div>
    <div
      class="centerblockContent playlist-content"
    >
      <div
        class="contentTitle playlist-title"
      >
        <div
          class="playlistTitleCol col01"
        >
          Трек
        </div>
        <div
          class="playlistTitleCol col02"
        >
          Исполнитель
        </div>
        <div
          class="playlistTitleCol col03"
        >
          Альбом
        </div>
        <div
          class="playlistTitleCol col04"
        >
          <svg
            class="playlistTitleSvg"
          >
            <use
              xlink:href="/img/icon/sprite.svg#icon-watch"
            />
          </svg>
        </div>
      </div>
      <div
        class="contentPlaylist playlist"
      />
    </div>
  </div>,
  "debug": [Function],
  "findAllByAltText": [Function],
  "findAllByDisplayValue": [Function],
  "findAllByLabelText": [Function],
  "findAllByPlaceholderText": [Function],
  "findAllByRole": [Function],
  "findAllByTestId": [Function],
  "findAllByText": [Function],
  "findAllByTitle": [Function],
  "findByAltText": [Function],
  "findByDisplayValue": [Function],
  "findByLabelText": [Function],
  "findByPlaceholderText": [Function],
  "findByRole": [Function],
  "findByTestId": [Function],
  "findByText": [Function],
  "findByTitle": [Function],
  "getAllByAltText": [Function],
  "getAllByDisplayValue": [Function],
  "getAllByLabelText": [Function],
  "getAllByPlaceholderText": [Function],
  "getAllByRole": [Function],
  "getAllByTestId": [Function],
  "getAllByText": [Function],
  "getAllByTitle": [Function],
  "getByAltText": [Function],
  "getByDisplayValue": [Function],
  "getByLabelText": [Function],
  "getByPlaceholderText": [Function],
  "getByRole": [Function],
  "getByTestId": [Function],
  "getByText": [Function],
  "getByTitle": [Function],
  "queryAllByAltText": [Function],
  "queryAllByDisplayValue": [Function],
  "queryAllByLabelText": [Function],
  "queryAllByPlaceholderText": [Function],
  "queryAllByRole": [Function],
  "queryAllByTestId": [Function],
  "queryAllByText": [Function],
  "queryAllByTitle": [Function],
  "queryByAltText": [Function],
  "queryByDisplayValue": [Function],
  "queryByLabelText": [Function],
  "queryByPlaceholderText": [Function],
  "queryByRole": [Function],
  "queryByTestId": [Function],
  "queryByText": [Function],
  "queryByTitle": [Function],
  "rerender": [Function],
  "unmount": [Function],
}
`;
