// Jest Snapshot v1, https://goo.gl/fbAQLP

exports[`renders correctly 1`] = `
{
  "asFragment": [Function],
  "baseElement": <body>
    <div>
      <nav
        class="mainNav"
      >
        <div
          class="navLogo"
        >
          <img
            alt="logo"
            class="logoImage"
            data-nimg="1"
            decoding="async"
            height="170"
            loading="lazy"
            src="/_next/image?url=%2Fimg%2Flogo.png&w=640&q=75"
            srcset="/_next/image?url=%2Fimg%2Flogo.png&w=256&q=75 1x, /_next/image?url=%2Fimg%2Flogo.png&w=640&q=75 2x"
            style="color: transparent;"
            width="250"
          />
        </div>
        <div
          class="navBurger"
        >
          <span
            class="burgerLine"
          />
          <span
            class="burgerLine"
          />
          <span
            class="burgerLine"
          />
        </div>
        <div
          class="navMenu"
          style="display: none;"
        >
          <ul
            class="menuList"
          >
            <li
              class="menuItem"
            >
              <a
                class="menuLink"
                href="/trackPages"
              >
                Главное
              </a>
            </li>
            <li
              class="menuItem"
            >
              <a
                class="menuLink"
                href="/trackPages/favorite"
              >
                Мой плейлист
              </a>
            </li>
            <li
              class="menuItem"
            >
              <a
                class="menu__link"
                href="/entryPages/login"
              >
                Войти
              </a>
            </li>
          </ul>
        </div>
      </nav>
    </div>
  </body>,
  "container": <div>
    <nav
      class="mainNav"
    >
      <div
        class="navLogo"
      >
        <img
          alt="logo"
          class="logoImage"
          data-nimg="1"
          decoding="async"
          height="170"
          loading="lazy"
          src="/_next/image?url=%2Fimg%2Flogo.png&w=640&q=75"
          srcset="/_next/image?url=%2Fimg%2Flogo.png&w=256&q=75 1x, /_next/image?url=%2Fimg%2Flogo.png&w=640&q=75 2x"
          style="color: transparent;"
          width="250"
        />
      </div>
      <div
        class="navBurger"
      >
        <span
          class="burgerLine"
        />
        <span
          class="burgerLine"
        />
        <span
          class="burgerLine"
        />
      </div>
      <div
        class="navMenu"
        style="display: none;"
      >
        <ul
          class="menuList"
        >
          <li
            class="menuItem"
          >
            <a
              class="menuLink"
              href="/trackPages"
            >
              Главное
            </a>
          </li>
          <li
            class="menuItem"
          >
            <a
              class="menuLink"
              href="/trackPages/favorite"
            >
              Мой плейлист
            </a>
          </li>
          <li
            class="menuItem"
          >
            <a
              class="menu__link"
              href="/entryPages/login"
            >
              Войти
            </a>
          </li>
        </ul>
      </div>
    </nav>
  </div>,
  "debug": [Function],
  "findAllByAltText": [Function],
  "findAllByDisplayValue": [Function],
  "findAllByLabelText": [Function],
  "findAllByPlaceholderText": [Function],
  "findAllByRole": [Function],
  "findAllByTestId": [Function],
  "findAllByText": [Function],
  "findAllByTitle": [Function],
  "findByAltText": [Function],
  "findByDisplayValue": [Function],
  "findByLabelText": [Function],
  "findByPlaceholderText": [Function],
  "findByRole": [Function],
  "findByTestId": [Function],
  "findByText": [Function],
  "findByTitle": [Function],
  "getAllByAltText": [Function],
  "getAllByDisplayValue": [Function],
  "getAllByLabelText": [Function],
  "getAllByPlaceholderText": [Function],
  "getAllByRole": [Function],
  "getAllByTestId": [Function],
  "getAllByText": [Function],
  "getAllByTitle": [Function],
  "getByAltText": [Function],
  "getByDisplayValue": [Function],
  "getByLabelText": [Function],
  "getByPlaceholderText": [Function],
  "getByRole": [Function],
  "getByTestId": [Function],
  "getByText": [Function],
  "getByTitle": [Function],
  "queryAllByAltText": [Function],
  "queryAllByDisplayValue": [Function],
  "queryAllByLabelText": [Function],
  "queryAllByPlaceholderText": [Function],
  "queryAllByRole": [Function],
  "queryAllByTestId": [Function],
  "queryAllByText": [Function],
  "queryAllByTitle": [Function],
  "queryByAltText": [Function],
  "queryByDisplayValue": [Function],
  "queryByLabelText": [Function],
  "queryByPlaceholderText": [Function],
  "queryByRole": [Function],
  "queryByTestId": [Function],
  "queryByText": [Function],
  "queryByTitle": [Function],
  "rerender": [Function],
  "unmount": [Function],
}
`;
